----------------------------------------------------------------
-Pin Report - Date: Tue Aug 12 00:02:44 2025 Pinchecksum: NOT-AVAILABLE
-Product: Designer
-Release: v2024.2
-Version: 2024.2.0.13
-Design Name: mat
-Family: PolarFireSoC
-Die: MPFS025T
-Package: FCVG484
-----------------------------------------------------------------

Port  |Pin  |Fixed |Function                                              |Bank     |I/O Std   |Direction    |Used I/O Reg       |User I/O Lock Down |Clamp Diode   |Resistor Pull                     |Use I/O Calibration from the lane |Schmitt Trigger |Vcm Input Range    |On Die Termination |Odt Value (Ohm) |Input Delay |Slew              |Output Drive (mA) |Impedance (ohm)  |Output Load (pF)         |Source Termination (Ohm) |Output Delay |
------|-----|------|------------------------------------------------------|---------|----------|-------------|-------------------|-------------------|--------------|----------------------------------|----------------------------------|----------------|-------------------|-------------------|----------------|------------|------------------|------------------|-----------------|-------------------------|-------------------------|-------------|
A[0]   A5    Yes    GPIO40NB1                                              Bank1     LVCMOS18   Input         None                No                  ON             Up                                 No                                 OFF              ---                 OFF                 120              OFF          ---                ---                ---               ---                       ---                       ---           
A[1]   A6    Yes    GPIO40PB1/CCC_SW_PLL1_OUT1                             Bank1     LVCMOS18   Input         None                No                  ON             Up                                 No                                 OFF              ---                 OFF                 120              OFF          ---                ---                ---               ---                       ---                       ---           
A[2]   A7    Yes    GPIO41PB1/CLKIN_S_3/CCC_SW_CLKIN_S_3                   Bank1     LVCMOS18   Input         None                No                  ON             Up                                 No                                 OFF              ---                 OFF                 120              OFF          ---                ---                ---               ---                       ---                       ---           
A[3]   A8    Yes    GPIO43PB1                                              Bank1     LVCMOS18   Input         None                No                  ON             Up                                 No                                 OFF              ---                 OFF                 120              OFF          ---                ---                ---               ---                       ---                       ---           
A[4]   A10   Yes    GPIO45PB1/CCC_SW_PLL0_OUT0                             Bank1     LVCMOS18   Input         None                No                  ON             Up                                 No                                 OFF              ---                 OFF                 120              OFF          ---                ---                ---               ---                       ---                       ---           
A[5]   A11   Yes    GPIO45NB1                                              Bank1     LVCMOS18   Input         None                No                  ON             Up                                 No                                 OFF              ---                 OFF                 120              OFF          ---                ---                ---               ---                       ---                       ---           
A[6]   A12   Yes    GPIO49NB1                                              Bank1     LVCMOS18   Input         None                No                  ON             Up                                 No                                 OFF              ---                 OFF                 120              OFF          ---                ---                ---               ---                       ---                       ---           
A[7]   A13   Yes    GPIO49PB1/CLKIN_S_5                                    Bank1     LVCMOS18   Input         None                No                  ON             Up                                 No                                 OFF              ---                 OFF                 120              OFF          ---                ---                ---               ---                       ---                       ---           
A[8]   A15   Yes    GPIO53PB1/CLKIN_S_7                                    Bank1     LVCMOS18   Input         None                No                  ON             Up                                 No                                 OFF              ---                 OFF                 120              OFF          ---                ---                ---               ---                       ---                       ---           
A[9]   A18   Yes    GPIO5PB1/CCC_SE_CLKIN_S_11                             Bank1     LVCMOS18   Input         None                No                  ON             Up                                 No                                 OFF              ---                 OFF                 120              OFF          ---                ---                ---               ---                       ---                       ---           
A[10]  AA12  Yes    HSIO28PB0                                              Bank0     LVCMOS18   Input         None                No                  ON             Up                                 No                                 OFF              ---                 OFF                 120              OFF          ---                ---                ---               ---                       ---                       ---           
A[11]  AA13  Yes    HSIO26PB0/CLKIN_N_4/CCC_NW_PLL0_OUT0                   Bank0     LVCMOS18   Input         None                No                  ON             Up                                 No                                 OFF              ---                 OFF                 120              OFF          ---                ---                ---               ---                       ---                       ---           
A[12]  AA15  Yes    HSIO25NB0                                              Bank0     LVCMOS18   Input         None                No                  ON             Up                                 No                                 OFF              ---                 OFF                 120              OFF          ---                ---                ---               ---                       ---                       ---           
A[13]  AA16  Yes    HSIO22PB0                                              Bank0     LVCMOS18   Input         None                No                  ON             Up                                 No                                 OFF              ---                 OFF                 120              OFF          ---                ---                ---               ---                       ---                       ---           
A[14]  AA17  Yes    HSIO21NB0/DQS                                          Bank0     LVCMOS18   Input         None                No                  ON             Up                                 No                                 OFF              ---                 OFF                 120              OFF          ---                ---                ---               ---                       ---                       ---           
A[15]  AA18  Yes    HSIO18NB0                                              Bank0     LVCMOS18   Input         None                No                  ON             Up                                 No                                 OFF              ---                 OFF                 120              OFF          ---                ---                ---               ---                       ---                       ---           
A[16]  AA20  Yes    HSIO11NB0                                              Bank0     LVCMOS18   Input         None                No                  ON             Up                                 No                                 OFF              ---                 OFF                 120              OFF          ---                ---                ---               ---                       ---                       ---           
A[17]  AA21  Yes    HSIO9PB0/DQS/CCC_NE_PLL0_OUT0                          Bank0     LVCMOS18   Input         None                No                  ON             Up                                 No                                 OFF              ---                 OFF                 120              OFF          ---                ---                ---               ---                       ---                       ---           
A[18]  AA22  Yes    HSIO9NB0/DQS                                           Bank0     LVCMOS18   Input         None                No                  ON             Up                                 No                                 OFF              ---                 OFF                 120              OFF          ---                ---                ---               ---                       ---                       ---           
A[19]  AB12  Yes    HSIO28NB0                                              Bank0     LVCMOS18   Input         None                No                  ON             Up                                 No                                 OFF              ---                 OFF                 120              OFF          ---                ---                ---               ---                       ---                       ---           
A[20]  AB13  Yes    HSIO26NB0                                              Bank0     LVCMOS18   Input         None                No                  ON             Up                                 No                                 OFF              ---                 OFF                 120              OFF          ---                ---                ---               ---                       ---                       ---           
A[21]  AB14  Yes    HSIO24PB0/CLKIN_N_5                                    Bank0     LVCMOS18   Input         None                No                  ON             Up                                 No                                 OFF              ---                 OFF                 120              OFF          ---                ---                ---               ---                       ---                       ---           
A[22]  AB15  Yes    HSIO24NB0                                              Bank0     LVCMOS18   Input         None                No                  ON             Up                                 No                                 OFF              ---                 OFF                 120              OFF          ---                ---                ---               ---                       ---                       ---           
A[23]  AB17  Yes    HSIO21PB0/DQS                                          Bank0     LVCMOS18   Input         None                No                  ON             Up                                 No                                 OFF              ---                 OFF                 120              OFF          ---                ---                ---               ---                       ---                       ---           
A[24]  AB18  Yes    HSIO18PB0/CLKIN_N_7                                    Bank0     LVCMOS18   Input         None                No                  ON             Up                                 No                                 OFF              ---                 OFF                 120              OFF          ---                ---                ---               ---                       ---                       ---           
A[25]  AB19  Yes    HSIO10PB0                                              Bank0     LVCMOS18   Input         None                No                  ON             Up                                 No                                 OFF              ---                 OFF                 120              OFF          ---                ---                ---               ---                       ---                       ---           
A[26]  AB20  Yes    HSIO10NB0                                              Bank0     LVCMOS18   Input         None                No                  ON             Up                                 No                                 OFF              ---                 OFF                 120              OFF          ---                ---                ---               ---                       ---                       ---           
A[27]  AB21  Yes    HSIO11PB0                                              Bank0     LVCMOS18   Input         None                No                  ON             Up                                 No                                 OFF              ---                 OFF                 120              OFF          ---                ---                ---               ---                       ---                       ---           
A[28]  B4    Yes    GPIO37NB1                                              Bank1     LVCMOS18   Input         None                No                  ON             Up                                 No                                 OFF              ---                 OFF                 120              OFF          ---                ---                ---               ---                       ---                       ---           
A[29]  B5    Yes    GPIO38NB1/DQS                                          Bank1     LVCMOS18   Input         None                No                  ON             Up                                 No                                 OFF              ---                 OFF                 120              OFF          ---                ---                ---               ---                       ---                       ---           
A[30]  B7    Yes    GPIO41NB1                                              Bank1     LVCMOS18   Input         None                No                  ON             Up                                 No                                 OFF              ---                 OFF                 120              OFF          ---                ---                ---               ---                       ---                       ---           
A[31]  B8    Yes    GPIO43NB1                                              Bank1     LVCMOS18   Input         None                No                  ON             Up                                 No                                 OFF              ---                 OFF                 120              OFF          ---                ---                ---               ---                       ---                       ---           
B[0]   B9    Yes    GPIO47NB1                                              Bank1     LVCMOS18   Input         None                No                  ON             Up                                 No                                 OFF              ---                 OFF                 120              OFF          ---                ---                ---               ---                       ---                       ---           
B[1]   B10   Yes    GPIO47PB1                                              Bank1     LVCMOS18   Input         None                No                  ON             Up                                 No                                 OFF              ---                 OFF                 120              OFF          ---                ---                ---               ---                       ---                       ---           
B[2]   B12   Yes    GPIO48PB1/CLKIN_S_4                                    Bank1     LVCMOS18   Input         None                No                  ON             Up                                 No                                 OFF              ---                 OFF                 120              OFF          ---                ---                ---               ---                       ---                       ---           
B[3]   B13   Yes    GPIO51PB1/CLKIN_S_6                                    Bank1     LVCMOS18   Input         None                No                  ON             Up                                 No                                 OFF              ---                 OFF                 120              OFF          ---                ---                ---               ---                       ---                       ---           
B[4]   B14   Yes    GPIO51NB1                                              Bank1     LVCMOS18   Input         None                No                  ON             Up                                 No                                 OFF              ---                 OFF                 120              OFF          ---                ---                ---               ---                       ---                       ---           
B[5]   B15   Yes    GPIO53NB1                                              Bank1     LVCMOS18   Input         None                No                  ON             Up                                 No                                 OFF              ---                 OFF                 120              OFF          ---                ---                ---               ---                       ---                       ---           
B[6]   B17   Yes    GPIO3PB1/CCC_SE_CLKIN_S_10/CCC_SE_PLL1_OUT0            Bank1     LVCMOS18   Input         None                No                  ON             Up                                 No                                 OFF              ---                 OFF                 120              OFF          ---                ---                ---               ---                       ---                       ---           
B[7]   B18   Yes    GPIO5NB1                                               Bank1     LVCMOS18   Input         None                No                  ON             Up                                 No                                 OFF              ---                 OFF                 120              OFF          ---                ---                ---               ---                       ---                       ---           
B[8]   C4    Yes    GPIO37PB1/CCC_SW_CLKIN_S_1                             Bank1     LVCMOS18   Input         None                No                  ON             Up                                 No                                 OFF              ---                 OFF                 120              OFF          ---                ---                ---               ---                       ---                       ---           
B[9]   C5    Yes    GPIO38PB1/DQS/CCC_SW_PLL1_OUT0                         Bank1     LVCMOS18   Input         None                No                  ON             Up                                 No                                 OFF              ---                 OFF                 120              OFF          ---                ---                ---               ---                       ---                       ---           
B[10]  C6    Yes    GPIO39PB1/CLKIN_S_2/CCC_SW_CLKIN_S_2/CCC_SW_PLL1_OUT0  Bank1     LVCMOS18   Input         None                No                  ON             Up                                 No                                 OFF              ---                 OFF                 120              OFF          ---                ---                ---               ---                       ---                       ---           
B[11]  C7    Yes    GPIO39NB1                                              Bank1     LVCMOS18   Input         None                No                  ON             Up                                 No                                 OFF              ---                 OFF                 120              OFF          ---                ---                ---               ---                       ---                       ---           
B[12]  C9    Yes    GPIO44NB1/DQS                                          Bank1     LVCMOS18   Input         None                No                  ON             Up                                 No                                 OFF              ---                 OFF                 120              OFF          ---                ---                ---               ---                       ---                       ---           
B[13]  C10   Yes    GPIO44PB1/DQS/CCC_SW_PLL0_OUT0                         Bank1     LVCMOS18   Input         None                No                  ON             Up                                 No                                 OFF              ---                 OFF                 120              OFF          ---                ---                ---               ---                       ---                       ---           
B[14]  C11   Yes    GPIO46PB1/CCC_SW_PLL0_OUT1                             Bank1     LVCMOS18   Input         None                No                  ON             Up                                 No                                 OFF              ---                 OFF                 120              OFF          ---                ---                ---               ---                       ---                       ---           
B[15]  C12   Yes    GPIO48NB1                                              Bank1     LVCMOS18   Input         None                No                  ON             Up                                 No                                 OFF              ---                 OFF                 120              OFF          ---                ---                ---               ---                       ---                       ---           
B[16]  C17   Yes    GPIO3NB1                                               Bank1     LVCMOS18   Input         None                No                  ON             Up                                 No                                 OFF              ---                 OFF                 120              OFF          ---                ---                ---               ---                       ---                       ---           
B[17]  D6    Yes    GPIO36NB1                                              Bank1     LVCMOS18   Input         None                No                  ON             Up                                 No                                 OFF              ---                 OFF                 120              OFF          ---                ---                ---               ---                       ---                       ---           
B[18]  D7    Yes    GPIO36PB1/CCC_SW_CLKIN_S_0                             Bank1     LVCMOS18   Input         None                No                  ON             Up                                 No                                 OFF              ---                 OFF                 120              OFF          ---                ---                ---               ---                       ---                       ---           
B[19]  D8    Yes    GPIO42NB1                                              Bank1     LVCMOS18   Input         None                No                  ON             Up                                 No                                 OFF              ---                 OFF                 120              OFF          ---                ---                ---               ---                       ---                       ---           
B[20]  D9    Yes    GPIO42PB1                                              Bank1     LVCMOS18   Input         None                No                  ON             Up                                 No                                 OFF              ---                 OFF                 120              OFF          ---                ---                ---               ---                       ---                       ---           
B[21]  D11   Yes    GPIO46NB1                                              Bank1     LVCMOS18   Input         None                No                  ON             Up                                 No                                 OFF              ---                 OFF                 120              OFF          ---                ---                ---               ---                       ---                       ---           
B[22]  D13   Yes    GPIO50PB1/DQS                                          Bank1     LVCMOS18   Input         None                No                  ON             Up                                 No                                 OFF              ---                 OFF                 120              OFF          ---                ---                ---               ---                       ---                       ---           
B[23]  D14   Yes    GPIO50NB1/DQS                                          Bank1     LVCMOS18   Input         None                No                  ON             Up                                 No                                 OFF              ---                 OFF                 120              OFF          ---                ---                ---               ---                       ---                       ---           
B[24]  D18   Yes    GPIO4PB1/CCC_SE_PLL1_OUT1                              Bank1     LVCMOS18   Input         None                No                  ON             Up                                 No                                 OFF              ---                 OFF                 120              OFF          ---                ---                ---               ---                       ---                       ---           
B[25]  D19   Yes    GPIO2NB1/DQS                                           Bank1     LVCMOS18   Input         None                No                  ON             Up                                 No                                 OFF              ---                 OFF                 120              OFF          ---                ---                ---               ---                       ---                       ---           
B[26]  E14   Yes    GPIO0NB1                                               Bank1     LVCMOS18   Input         None                No                  ON             Up                                 No                                 OFF              ---                 OFF                 120              OFF          ---                ---                ---               ---                       ---                       ---           
B[27]  E15   Yes    GPIO0PB1/CLKIN_S_8/CCC_SE_CLKIN_S_8/CCC_SE_PLL0_OUT0   Bank1     LVCMOS18   Input         None                No                  ON             Up                                 No                                 OFF              ---                 OFF                 120              OFF          ---                ---                ---               ---                       ---                       ---           
B[28]  E18   Yes    GPIO4NB1                                               Bank1     LVCMOS18   Input         None                No                  ON             Up                                 No                                 OFF              ---                 OFF                 120              OFF          ---                ---                ---               ---                       ---                       ---           
B[29]  E19   Yes    GPIO2PB1/DQS/CCC_SE_PLL1_OUT0                          Bank1     LVCMOS18   Input         None                No                  ON             Up                                 No                                 OFF              ---                 OFF                 120              OFF          ---                ---                ---               ---                       ---                       ---           
B[30]  F16   Yes    GPIO1NB1                                               Bank1     LVCMOS18   Input         None                No                  ON             Up                                 No                                 OFF              ---                 OFF                 120              OFF          ---                ---                ---               ---                       ---                       ---           
B[31]  F17   Yes    GPIO1PB1/CLKIN_S_9/CCC_SE_CLKIN_S_9                    Bank1     LVCMOS18   Input         None                No                  ON             Up                                 No                                 OFF              ---                 OFF                 120              OFF          ---                ---                ---               ---                       ---                       ---           
C[0]   R12   Yes    HSIO35PB0/CCC_NW_CLKIN_N_0                             Bank0     LVCMOS18   Output        None                No                  ON             None                               No                                 ---              ---                 ---                 120              ---          OFF                8                  ---               5                         ---                       OFF           
C[1]   R14   Yes    HSIO17NB0                                              Bank0     LVCMOS18   Output        None                No                  ON             None                               No                                 ---              ---                 ---                 120              ---          OFF                8                  ---               5                         ---                       OFF           
C[2]   R15   Yes    HSIO17PB0                                              Bank0     LVCMOS18   Output        None                No                  ON             None                               No                                 ---              ---                 ---                 120              ---          OFF                8                  ---               5                         ---                       OFF           
C[3]   R16   Yes    HSIO15NB0/DQS                                          Bank0     LVCMOS18   Output        None                No                  ON             None                               No                                 ---              ---                 ---                 120              ---          OFF                8                  ---               5                         ---                       OFF           
C[4]   T12   Yes    HSIO34NB0                                              Bank0     LVCMOS18   Output        None                No                  ON             None                               No                                 ---              ---                 ---                 120              ---          OFF                8                  ---               5                         ---                       OFF           
C[5]   T13   Yes    HSIO35NB0                                              Bank0     LVCMOS18   Output        None                No                  ON             None                               No                                 ---              ---                 ---                 120              ---          OFF                8                  ---               5                         ---                       OFF           
C[6]   T15   Yes    HSIO31NB0                                              Bank0     LVCMOS18   Output        None                No                  ON             None                               No                                 ---              ---                 ---                 120              ---          OFF                8                  ---               5                         ---                       OFF           
C[7]   T16   Yes    HSIO15PB0/DQS/CCC_NE_PLL1_OUT0                         Bank0     LVCMOS18   Output        None                No                  ON             None                               No                                 ---              ---                 ---                 120              ---          OFF                8                  ---               5                         ---                       OFF           
C[8]   T17   Yes    HSIO13PB0/CCC_NE_PLL1_OUT1                             Bank0     LVCMOS18   Output        None                No                  ON             None                               No                                 ---              ---                 ---                 120              ---          OFF                8                  ---               5                         ---                       OFF           
C[9]   U12   Yes    HSIO34PB0/CCC_NW_CLKIN_N_1                             Bank0     LVCMOS18   Output        None                No                  ON             None                               No                                 ---              ---                 ---                 120              ---          OFF                8                  ---               5                         ---                       OFF           
C[10]  U13   Yes    HSIO33NB0/DQS                                          Bank0     LVCMOS18   Output        None                No                  ON             None                               No                                 ---              ---                 ---                 120              ---          OFF                8                  ---               5                         ---                       OFF           
C[11]  U14   Yes    HSIO33PB0/DQS/CCC_NW_PLL1_OUT0                         Bank0     LVCMOS18   Output        None                No                  ON             None                               No                                 ---              ---                 ---                 120              ---          OFF                8                  ---               5                         ---                       OFF           
C[12]  U15   Yes    HSIO31PB0/CCC_NW_PLL1_OUT1                             Bank0     LVCMOS18   Output        None                No                  ON             None                               No                                 ---              ---                 ---                 120              ---          OFF                8                  ---               5                         ---                       OFF           
C[13]  U17   Yes    HSIO13NB0                                              Bank0     LVCMOS18   Output        None                No                  ON             None                               No                                 ---              ---                 ---                 120              ---          OFF                8                  ---               5                         ---                       OFF           
C[14]  U18   Yes    HSIO14NB0                                              Bank0     LVCMOS18   Output        None                No                  ON             None                               No                                 ---              ---                 ---                 120              ---          OFF                8                  ---               5                         ---                       OFF           
C[15]  U19   Yes    HSIO14PB0/CLKIN_N_8/CCC_NE_CLKIN_N_8/CCC_NE_PLL1_OUT0  Bank0     LVCMOS18   Output        None                No                  ON             None                               No                                 ---              ---                 ---                 120              ---          OFF                8                  ---               5                         ---                       OFF           
C[16]  V12   Yes    HSIO32NB0                                              Bank0     LVCMOS18   Output        None                No                  ON             None                               No                                 ---              ---                 ---                 120              ---          OFF                8                  ---               5                         ---                       OFF           
C[17]  V14   Yes    HSIO30PB0/CLKIN_N_3/CCC_NW_CLKIN_N_3                   Bank0     LVCMOS18   Output        None                No                  ON             None                               No                                 ---              ---                 ---                 120              ---          OFF                8                  ---               5                         ---                       OFF           
C[18]  V15   Yes    HSIO30NB0                                              Bank0     LVCMOS18   Output        None                No                  ON             None                               No                                 ---              ---                 ---                 120              ---          OFF                8                  ---               5                         ---                       OFF           
C[19]  V16   Yes    HSIO16NB0                                              Bank0     LVCMOS18   Output        None                No                  ON             None                               No                                 ---              ---                 ---                 120              ---          OFF                8                  ---               5                         ---                       OFF           
C[20]  V17   Yes    HSIO16PB0                                              Bank0     LVCMOS18   Output        None                No                  ON             None                               No                                 ---              ---                 ---                 120              ---          OFF                8                  ---               5                         ---                       OFF           
C[21]  V19   Yes    HSIO12NB0                                              Bank0     LVCMOS18   Output        None                No                  ON             None                               No                                 ---              ---                 ---                 120              ---          OFF                8                  ---               5                         ---                       OFF           
C[22]  V20   Yes    HSIO12PB0/CLKIN_N_9/CCC_NE_CLKIN_N_9                   Bank0     LVCMOS18   Output        None                No                  ON             None                               No                                 ---              ---                 ---                 120              ---          OFF                8                  ---               5                         ---                       OFF           
C[23]  V21   Yes    HSIO8NB0                                               Bank0     LVCMOS18   Output        None                No                  ON             None                               No                                 ---              ---                 ---                 120              ---          OFF                8                  ---               5                         ---                       OFF           
C[24]  V22   Yes    HSIO6NB0                                               Bank0     LVCMOS18   Output        None                No                  ON             None                               No                                 ---              ---                 ---                 120              ---          OFF                8                  ---               5                         ---                       OFF           
C[25]  W12   Yes    HSIO32PB0/CLKIN_N_2/CCC_NW_CLKIN_N_2/CCC_NW_PLL1_OUT0  Bank0     LVCMOS18   Output        None                No                  ON             None                               No                                 ---              ---                 ---                 120              ---          OFF                8                  ---               5                         ---                       OFF           
C[26]  W13   Yes    HSIO29PB0                                              Bank0     LVCMOS18   Output        None                No                  ON             None                               No                                 ---              ---                 ---                 120              ---          OFF                8                  ---               5                         ---                       OFF           
C[27]  W14   Yes    HSIO27NB0/DQS                                          Bank0     LVCMOS18   Output        None                No                  ON             None                               No                                 ---              ---                 ---                 120              ---          OFF                8                  ---               5                         ---                       OFF           
C[28]  W16   Yes    HSIO23PB0                                              Bank0     LVCMOS18   Output        None                No                  ON             None                               No                                 ---              ---                 ---                 120              ---          OFF                8                  ---               5                         ---                       OFF           
C[29]  W17   Yes    HSIO23NB0                                              Bank0     LVCMOS18   Output        None                No                  ON             None                               No                                 ---              ---                 ---                 120              ---          OFF                8                  ---               5                         ---                       OFF           
C[30]  W18   Yes    HSIO19NB0                                              Bank0     LVCMOS18   Output        None                No                  ON             None                               No                                 ---              ---                 ---                 120              ---          OFF                8                  ---               5                         ---                       OFF           
C[31]  W19   Yes    HSIO19PB0                                              Bank0     LVCMOS18   Output        None                No                  ON             None                               No                                 ---              ---                 ---                 120              ---          OFF                8                  ---               5                         ---                       OFF           
clk    W21   Yes    HSIO8PB0/CCC_NE_CLKIN_N_10/CCC_NE_PLL0_OUT0            Bank0     LVCMOS18   Input         None                No                  ON             Up                                 No                                 OFF              ---                 OFF                 120              OFF          ---                ---                ---               ---                       ---                       ---           
rst    W22   Yes    HSIO6PB0/CCC_NE_CLKIN_N_11                             Bank0     LVCMOS18   Input         None                No                  ON             Up                                 No                                 OFF              ---                 OFF                 120              OFF          ---                ---                ---               ---                       ---                       ---           
