
Copyright (C) 1994-2023 Synopsys, Inc.
This Synopsys software and all associated documentation are proprietary to Synopsys, Inc.
and may only be used pursuant to the terms and conditions of a written license agreement
with Synopsys, Inc. All other use, reproduction, modification, or distribution of the
Synopsys software or the associated documentation is strictly prohibited.
Tool: Synplify Pro (R)
Build: V-2023.09M-3
Install: /usr/local/microchip/Libero_SoC_v2024.2/SynplifyPro
OS: Ubuntu 22.04.5 LTS
Hostname: jessica-IdeaPad-Slim-3-14IAH8
max virtual memory: unlimited (bytes)
max user processes: 62417
max stack size: 8388608 (bytes)


Implementation : synthesis

# Written on Wed Aug 13 16:11:57 2025

##### DESIGN INFO #######################################################

Top View:                "envelope"
Constraint File(s):      "/home/jessica/Desktop/lultrasound_ibero/envelope_detection/designer/envelope/synthesis.fdc"




##### SUMMARY ############################################################

Found 0 issues in 0 out of 2 constraints


##### DETAILS ############################################################



Clock Relationships
*******************

Starting         Ending           |     rise to rise     |     fall to fall     |     rise to fall     |     fall to rise                     
---------------------------------------------------------------------------------------------------------------------------------------------
envelope|CLK     envelope|CLK     |     10.000           |     No paths         |     No paths         |     No paths                         
=============================================================================================================================================
 Note: 'No paths' indicates there are no paths in the design for that pair of clock edges.
       'Diff grp' indicates that paths exist but the starting clock and ending clock are in different clock groups.


Unconstrained Start/End Points
******************************

p:DATAI[0]
p:DATAI[1]
p:DATAI[2]
p:DATAI[3]
p:DATAI[4]
p:DATAI[5]
p:DATAI[6]
p:DATAI[7]
p:DATAI[8]
p:DATAI[9]
p:DATAI[10]
p:DATAI[11]
p:DATAI[12]
p:DATAI[13]
p:DATAI[14]
p:DATAI[15]
p:DATAI[16]
p:DATAI[17]
p:DOUT_VALID
p:DOUT_X[0]
p:DOUT_X[1]
p:DOUT_X[2]
p:DOUT_X[3]
p:DOUT_X[4]
p:DOUT_X[5]
p:DOUT_X[6]
p:DOUT_X[7]
p:DOUT_X[8]
p:DOUT_X[9]
p:DOUT_X[10]
p:DOUT_X[11]
p:DOUT_X[12]
p:DOUT_X[13]
p:DOUT_X[14]
p:DOUT_X[15]
p:DOUT_X[16]
p:DOUT_X[17]
p:DOUT_X[18]
p:DOUT_X[19]
p:DOUT_X[20]
p:DOUT_X[21]
p:DOUT_X[22]
p:DOUT_X[23]
p:DOUT_X[24]
p:DOUT_X[25]
p:DOUT_X[26]
p:DOUT_X[27]
p:DOUT_X[28]
p:DOUT_X[29]
p:DOUT_X[30]
p:DOUT_X[31]
p:DOUT_X[32]
p:DOUT_X[33]
p:DOUT_X[34]
p:DOUT_X[35]
p:DOUT_X[36]
p:DOUT_X[37]
p:DOUT_X[38]
p:DOUT_X[39]
p:DOUT_X[40]
p:DOUT_X[41]
p:DOUT_X[42]
p:DOUT_X[43]
p:DOUT_X[44]
p:DOUT_X[45]
p:DOUT_X[46]
p:DOUT_X[47]
p:reset


Inapplicable constraints
************************

(none)


Applicable constraints with issues
**********************************

(none)


Constraints with matching wildcard expressions
**********************************************

(none)


Library Report
**************


# End of Constraint Checker Report
