----------------------------------------------------------------
-Pin Report - Date: Sun Aug 17 16:20:02 2025 Pinchecksum: NOT-AVAILABLE
-Product: Designer
-Release: v2024.2
-Version: 2024.2.0.13
-Design Name: my_design
-Family: PolarFireSoC
-Die: MPFS025T
-Package: FCVG484
-----------------------------------------------------------------

Port       |Pin  |Fixed |Function                                             |Bank     |I/O Std   |Direction    |Used I/O Reg       |User I/O Lock Down |Clamp Diode   |Resistor Pull                     |Use I/O Calibration from the lane |Schmitt Trigger |Vcm Input Range    |On Die Termination |Odt Value (Ohm) |Input Delay |Slew              |Output Drive (mA) |Impedance (ohm)  |Output Load (pF)         |Source Termination (Ohm) |Output Delay |
-----------|-----|------|-----------------------------------------------------|---------|----------|-------------|-------------------|-------------------|--------------|----------------------------------|----------------------------------|----------------|-------------------|-------------------|----------------|------------|------------------|------------------|-----------------|-------------------------|-------------------------|-------------|
clk         E14   Yes    GPIO0NB1                                              Bank1     LVCMOS18   Input         None                Yes                 ON             Up                                 No                                 OFF              ---                 OFF                 120              OFF          ---                ---                ---               ---                       ---                       ---           
DOUT_VALID  AB17  Yes    HSIO21PB0/DQS                                         Bank0     LVCMOS18   Output        None                Yes                 ON             None                               No                                 ---              ---                 ---                 120              ---          OFF                8                  ---               5                         ---                       OFF           
FIRO_VALID  E15   Yes    GPIO0PB1/CLKIN_S_8/CCC_SE_CLKIN_S_8/CCC_SE_PLL0_OUT0  Bank1     LVCMOS18   Output        None                Yes                 ON             None                               No                                 ---              ---                 ---                 120              ---          OFF                8                  ---               5                         ---                       OFF           
reset       T12   Yes    HSIO34NB0                                             Bank0     LVCMOS18   Input         None                Yes                 ON             Up                                 No                                 OFF              ---                 OFF                 120              OFF          ---                ---                ---               ---                       ---                       ---           
