----------------------------------------------------------------
-Pin Report - Date: Fri Sep  5 01:28:40 2025 Pinchecksum: NOT-AVAILABLE
-Product: Designer
-Release: v2024.2
-Version: 2024.2.0.13
-Design Name: top
-Family: PolarFireSoC
-Die: MPFS025T
-Package: FCVG484
-----------------------------------------------------------------

Port          |Pin  |Fixed |Function                             |Bank     |I/O Std   |Direction    |Used I/O Reg       |User I/O Lock Down |Clamp Diode   |Resistor Pull                     |Use I/O Calibration from the lane |Schmitt Trigger |Vcm Input Range    |On Die Termination |Odt Value (Ohm) |Input Delay |Slew              |Output Drive (mA) |Impedance (ohm)  |Output Load (pF)         |Source Termination (Ohm) |Output Delay |
--------------|-----|------|-------------------------------------|---------|----------|-------------|-------------------|-------------------|--------------|----------------------------------|----------------------------------|----------------|-------------------|-------------------|----------------|------------|------------------|------------------|-----------------|-------------------------|-------------------------|-------------|
clk            A5    Yes    GPIO40NB1                             Bank1     LVCMOS18   Input         None                No                  ON             Up                                 No                                 OFF              ---                 OFF                 120              OFF          ---                ---                ---               ---                       ---                       ---           
comp_frac[0]   A6    Yes    GPIO40PB1/CCC_SW_PLL1_OUT1            Bank1     LVCMOS18   Output        None                No                  ON             None                               No                                 ---              ---                 ---                 120              ---          OFF                8                  ---               5                         ---                       OFF           
comp_frac[1]   A7    Yes    GPIO41PB1/CLKIN_S_3/CCC_SW_CLKIN_S_3  Bank1     LVCMOS18   Output        None                No                  ON             None                               No                                 ---              ---                 ---                 120              ---          OFF                8                  ---               5                         ---                       OFF           
comp_frac[2]   A8    Yes    GPIO43PB1                             Bank1     LVCMOS18   Output        None                No                  ON             None                               No                                 ---              ---                 ---                 120              ---          OFF                8                  ---               5                         ---                       OFF           
comp_frac[3]   A10   Yes    GPIO45PB1/CCC_SW_PLL0_OUT0            Bank1     LVCMOS18   Output        None                No                  ON             None                               No                                 ---              ---                 ---                 120              ---          OFF                8                  ---               5                         ---                       OFF           
comp_frac[4]   A11   Yes    GPIO45NB1                             Bank1     LVCMOS18   Output        None                No                  ON             None                               No                                 ---              ---                 ---                 120              ---          OFF                8                  ---               5                         ---                       OFF           
comp_frac[5]   A12   Yes    GPIO49NB1                             Bank1     LVCMOS18   Output        None                No                  ON             None                               No                                 ---              ---                 ---                 120              ---          OFF                8                  ---               5                         ---                       OFF           
comp_frac[6]   A13   Yes    GPIO49PB1/CLKIN_S_5                   Bank1     LVCMOS18   Output        None                No                  ON             None                               No                                 ---              ---                 ---                 120              ---          OFF                8                  ---               5                         ---                       OFF           
comp_frac[7]   A15   Yes    GPIO53PB1/CLKIN_S_7                   Bank1     LVCMOS18   Output        None                No                  ON             None                               No                                 ---              ---                 ---                 120              ---          OFF                8                  ---               5                         ---                       OFF           
comp_frac[8]   A18   Yes    GPIO5PB1/CCC_SE_CLKIN_S_11            Bank1     LVCMOS18   Output        None                No                  ON             None                               No                                 ---              ---                 ---                 120              ---          OFF                8                  ---               5                         ---                       OFF           
comp_frac[9]   AA12  Yes    HSIO28PB0                             Bank0     LVCMOS18   Output        None                No                  ON             None                               No                                 ---              ---                 ---                 120              ---          OFF                8                  ---               5                         ---                       OFF           
comp_frac[10]  AA13  Yes    HSIO26PB0/CLKIN_N_4/CCC_NW_PLL0_OUT0  Bank0     LVCMOS18   Output        None                No                  ON             None                               No                                 ---              ---                 ---                 120              ---          OFF                8                  ---               5                         ---                       OFF           
comp_frac[11]  AA15  Yes    HSIO25NB0                             Bank0     LVCMOS18   Output        None                No                  ON             None                               No                                 ---              ---                 ---                 120              ---          OFF                8                  ---               5                         ---                       OFF           
comp_frac[12]  AA16  Yes    HSIO22PB0                             Bank0     LVCMOS18   Output        None                No                  ON             None                               No                                 ---              ---                 ---                 120              ---          OFF                8                  ---               5                         ---                       OFF           
comp_frac[13]  AA17  Yes    HSIO21NB0/DQS                         Bank0     LVCMOS18   Output        None                No                  ON             None                               No                                 ---              ---                 ---                 120              ---          OFF                8                  ---               5                         ---                       OFF           
comp_frac[14]  AA18  Yes    HSIO18NB0                             Bank0     LVCMOS18   Output        None                No                  ON             None                               No                                 ---              ---                 ---                 120              ---          OFF                8                  ---               5                         ---                       OFF           
comp_frac[15]  AA20  Yes    HSIO11NB0                             Bank0     LVCMOS18   Output        None                No                  ON             None                               No                                 ---              ---                 ---                 120              ---          OFF                8                  ---               5                         ---                       OFF           
comp_frac[16]  AA21  Yes    HSIO9PB0/DQS/CCC_NE_PLL0_OUT0         Bank0     LVCMOS18   Output        None                No                  ON             None                               No                                 ---              ---                 ---                 120              ---          OFF                8                  ---               5                         ---                       OFF           
comp_int[0]    AA22  Yes    HSIO9NB0/DQS                          Bank0     LVCMOS18   Output        None                No                  ON             None                               No                                 ---              ---                 ---                 120              ---          OFF                8                  ---               5                         ---                       OFF           
comp_int[1]    AB12  Yes    HSIO28NB0                             Bank0     LVCMOS18   Output        None                No                  ON             None                               No                                 ---              ---                 ---                 120              ---          OFF                8                  ---               5                         ---                       OFF           
comp_int[2]    AB13  Yes    HSIO26NB0                             Bank0     LVCMOS18   Output        None                No                  ON             None                               No                                 ---              ---                 ---                 120              ---          OFF                8                  ---               5                         ---                       OFF           
comp_int[3]    AB14  Yes    HSIO24PB0/CLKIN_N_5                   Bank0     LVCMOS18   Output        None                No                  ON             None                               No                                 ---              ---                 ---                 120              ---          OFF                8                  ---               5                         ---                       OFF           
comp_int[4]    AB15  Yes    HSIO24NB0                             Bank0     LVCMOS18   Output        None                No                  ON             None                               No                                 ---              ---                 ---                 120              ---          OFF                8                  ---               5                         ---                       OFF           
comp_int[5]    AB17  Yes    HSIO21PB0/DQS                         Bank0     LVCMOS18   Output        None                No                  ON             None                               No                                 ---              ---                 ---                 120              ---          OFF                8                  ---               5                         ---                       OFF           
log_in_ready   AB18  Yes    HSIO18PB0/CLKIN_N_7                   Bank0     LVCMOS18   Output        None                No                  ON             None                               No                                 ---              ---                 ---                 120              ---          OFF                8                  ---               5                         ---                       OFF           
reset          AB19  Yes    HSIO10PB0                             Bank0     LVCMOS18   Input         None                No                  ON             Up                                 No                                 OFF              ---                 OFF                 120              OFF          ---                ---                ---               ---                       ---                       ---           
